// Package testswagger provides primitives to interact the openapi HTTP API.
//
// Code generated by github.com/weberr13/oapi-codegen DO NOT EDIT.
package testswagger

import (
	"bytes"
	"compress/gzip"
	"context"
	"encoding/base64"
	"encoding/json"
	"encoding/xml"
	"fmt"
	"github.com/deepmap/oapi-codegen/pkg/runtime"
	"github.com/getkin/kin-openapi/openapi3"
	"github.com/labstack/echo/v4"
	"gopkg.in/yaml.v2"
	"io/ioutil"
	"net/http"
	"strings"
	"time"
)

// CatAlive defines model for CatAlive.
type CatAlive struct {
	AliveSince *time.Time `json:"alive_since,omitempty"`
	Name       *string    `json:"name,omitempty"`
}

// CatDead defines model for CatDead.
type CatDead struct {
	Cause     *string    `json:"cause,omitempty"`
	DeadSince *time.Time `json:"dead_since,omitempty"`
	Name      *string    `json:"name,omitempty"`
}

// Error defines model for Error.
type Error struct {
	Code    *int32  `json:"code,omitempty"`
	Message *string `json:"message,omitempty"`
}

// Test defines model for Test.
type Test struct {
	Cases *[]TestCase `json:"cases,omitempty"`
	Name  *string     `json:"name,omitempty"`
}

// TestCase defines model for TestCase.
type TestCase struct {
	Command *string `json:"command,omitempty"`
	Name    *string `json:"name,omitempty"`
}

// RequestEditorFn  is the function signature for the RequestEditor callback function
type RequestEditorFn func(req *http.Request, ctx context.Context) error

// Client which conforms to the OpenAPI3 specification for this service.
type Client struct {
	// The endpoint of the server conforming to this interface, with scheme,
	// https://api.deepmap.com for example.
	Server string

	// HTTP client with any customized settings, such as certificate chains.
	Client http.Client

	// A callback for modifying requests which are generated before sending over
	// the network.
	RequestEditor RequestEditorFn
}

// The interface specification for the client above.
type ClientInterface interface {
	// GetCatStatus request
	GetCatStatus(ctx context.Context) (*http.Response, error)

	// GetTestByName request
	GetTestByName(ctx context.Context, name string) (*http.Response, error)
}

func (c *Client) GetCatStatus(ctx context.Context) (*http.Response, error) {
	req, err := NewGetCatStatusRequest(c.Server)
	if err != nil {
		return nil, err
	}
	req = req.WithContext(ctx)
	if c.RequestEditor != nil {
		err = c.RequestEditor(req, ctx)
		if err != nil {
			return nil, err
		}
	}
	return c.Client.Do(req)
}

func (c *Client) GetTestByName(ctx context.Context, name string) (*http.Response, error) {
	req, err := NewGetTestByNameRequest(c.Server, name)
	if err != nil {
		return nil, err
	}
	req = req.WithContext(ctx)
	if c.RequestEditor != nil {
		err = c.RequestEditor(req, ctx)
		if err != nil {
			return nil, err
		}
	}
	return c.Client.Do(req)
}

// NewGetCatStatusRequest generates requests for GetCatStatus
func NewGetCatStatusRequest(server string) (*http.Request, error) {
	var err error

	queryUrl := fmt.Sprintf("%s/cat", server)

	req, err := http.NewRequest("GET", queryUrl, nil)
	if err != nil {
		return nil, err
	}

	return req, nil
}

// NewGetTestByNameRequest generates requests for GetTestByName
func NewGetTestByNameRequest(server string, name string) (*http.Request, error) {
	var err error

	var pathParam0 string

	pathParam0, err = runtime.StyleParam("simple", false, "name", name)
	if err != nil {
		return nil, err
	}

	queryUrl := fmt.Sprintf("%s/test/%s", server, pathParam0)

	req, err := http.NewRequest("GET", queryUrl, nil)
	if err != nil {
		return nil, err
	}

	return req, nil
}

// ClientWithResponses builds on ClientInterface to offer response payloads
type ClientWithResponses struct {
	ClientInterface
}

// NewClientWithResponses returns a ClientWithResponses with a default Client:
func NewClientWithResponses(server string) *ClientWithResponses {
	return &ClientWithResponses{
		ClientInterface: &Client{
			Client: http.Client{},
			Server: server,
		},
	}
}

// NewClientWithResponsesAndRequestEditorFunc takes in a RequestEditorFn callback function and returns a ClientWithResponses with a default Client:
func NewClientWithResponsesAndRequestEditorFunc(server string, reqEditorFn RequestEditorFn) *ClientWithResponses {
	return &ClientWithResponses{
		ClientInterface: &Client{
			Client:        http.Client{},
			Server:        server,
			RequestEditor: reqEditorFn,
		},
	}
}

type getCatStatusResponse struct {
	Body         []byte
	HTTPResponse *http.Response
	JSON200      *interface{}
	XML200       *interface{}
	YAML200      *struct {
		// Embedded struct due to allOf(#/components/schemas/CatAlive)
		CatAlive
		// Embedded struct due to allOf(#/components/schemas/CatDead)
		CatDead
	}
	JSONDefault *Error
}

// Status returns HTTPResponse.Status
func (r getCatStatusResponse) Status() string {
	if r.HTTPResponse != nil {
		return r.HTTPResponse.Status
	}
	return http.StatusText(0)
}

// StatusCode returns HTTPResponse.StatusCode
func (r getCatStatusResponse) StatusCode() int {
	if r.HTTPResponse != nil {
		return r.HTTPResponse.StatusCode
	}
	return 0
}

type getTestByNameResponse struct {
	Body         []byte
	HTTPResponse *http.Response
	JSON200      *[]Test
	XML200       *[]Test
	JSONDefault  *Error
}

// Status returns HTTPResponse.Status
func (r getTestByNameResponse) Status() string {
	if r.HTTPResponse != nil {
		return r.HTTPResponse.Status
	}
	return http.StatusText(0)
}

// StatusCode returns HTTPResponse.StatusCode
func (r getTestByNameResponse) StatusCode() int {
	if r.HTTPResponse != nil {
		return r.HTTPResponse.StatusCode
	}
	return 0
}

// GetCatStatusWithResponse request returning *GetCatStatusResponse
func (c *ClientWithResponses) GetCatStatusWithResponse(ctx context.Context) (*getCatStatusResponse, error) {
	rsp, err := c.GetCatStatus(ctx)
	if err != nil {
		return nil, err
	}
	return ParsegetCatStatusResponse(rsp)
}

// GetTestByNameWithResponse request returning *GetTestByNameResponse
func (c *ClientWithResponses) GetTestByNameWithResponse(ctx context.Context, name string) (*getTestByNameResponse, error) {
	rsp, err := c.GetTestByName(ctx, name)
	if err != nil {
		return nil, err
	}
	return ParsegetTestByNameResponse(rsp)
}

// ParsegetCatStatusResponse parses an HTTP response from a GetCatStatusWithResponse call
func ParsegetCatStatusResponse(rsp *http.Response) (*getCatStatusResponse, error) {
	bodyBytes, err := ioutil.ReadAll(rsp.Body)
	defer rsp.Body.Close()
	if err != nil {
		return nil, err
	}

	response := &getCatStatusResponse{
		Body:         bodyBytes,
		HTTPResponse: rsp,
	}

	switch {
	case strings.Contains(rsp.Header.Get("Content-Type"), "yaml") && rsp.StatusCode == 200:
		response.YAML200 = &struct {
			// Embedded struct due to allOf(#/components/schemas/CatAlive)
			CatAlive
			// Embedded struct due to allOf(#/components/schemas/CatDead)
			CatDead
		}{}
		if err := yaml.Unmarshal(bodyBytes, response.YAML200); err != nil {
			return nil, err
		}
	case strings.Contains(rsp.Header.Get("Content-Type"), "json"):
		response.JSONDefault = &Error{}
		if err := json.Unmarshal(bodyBytes, response.JSONDefault); err != nil {
			return nil, err
		}
	}

	return response, nil
}

// ParsegetTestByNameResponse parses an HTTP response from a GetTestByNameWithResponse call
func ParsegetTestByNameResponse(rsp *http.Response) (*getTestByNameResponse, error) {
	bodyBytes, err := ioutil.ReadAll(rsp.Body)
	defer rsp.Body.Close()
	if err != nil {
		return nil, err
	}

	response := &getTestByNameResponse{
		Body:         bodyBytes,
		HTTPResponse: rsp,
	}

	switch {
	case strings.Contains(rsp.Header.Get("Content-Type"), "json") && rsp.StatusCode == 200:
		response.JSON200 = &[]Test{}
		if err := json.Unmarshal(bodyBytes, response.JSON200); err != nil {
			return nil, err
		}
	case strings.Contains(rsp.Header.Get("Content-Type"), "xml") && rsp.StatusCode == 200:
		response.XML200 = &[]Test{}
		if err := xml.Unmarshal(bodyBytes, response.XML200); err != nil {
			return nil, err
		}
	case strings.Contains(rsp.Header.Get("Content-Type"), "json"):
		response.JSONDefault = &Error{}
		if err := json.Unmarshal(bodyBytes, response.JSONDefault); err != nil {
			return nil, err
		}
	}

	return response, nil
}

// ServerInterface represents all server handlers.
type ServerInterface interface {
	// Get cat status// (GET /cat)
	GetCatStatus(ctx echo.Context) error
	// Get test// (GET /test/{name})
	GetTestByName(ctx echo.Context, name string) error
}

// ServerInterfaceWrapper converts echo contexts to parameters.
type ServerInterfaceWrapper struct {
	Handler ServerInterface
}

// GetCatStatus converts echo context to params.
func (w *ServerInterfaceWrapper) GetCatStatus(ctx echo.Context) error {
	var err error

	// Invoke the callback with all the unmarshalled arguments
	err = w.Handler.GetCatStatus(ctx)
	return err
}

// GetTestByName converts echo context to params.
func (w *ServerInterfaceWrapper) GetTestByName(ctx echo.Context) error {
	var err error
	// ------------- Path parameter "name" -------------
	var name string

	err = runtime.BindStyledParameter("simple", false, "name", ctx.Param("name"), &name)
	if err != nil {
		return echo.NewHTTPError(http.StatusBadRequest, fmt.Sprintf("Invalid format for parameter name: %s", err))
	}

	// Invoke the callback with all the unmarshalled arguments
	err = w.Handler.GetTestByName(ctx, name)
	return err
}

// RegisterHandlers adds each server route to the EchoRouter.
func RegisterHandlers(router runtime.EchoRouter, si ServerInterface) {

	wrapper := ServerInterfaceWrapper{
		Handler: si,
	}

	router.GET("/cat", wrapper.GetCatStatus)
	router.GET("/test/:name", wrapper.GetTestByName)

}

// Base64 encoded, gzipped, json marshaled Swagger object
var swaggerSpec = []string{

	"H4sIAAAAAAAC/8xVyW7bMBD9FWHao2I5yY231C2CXJoCyS0wigE5llmISzkjo0agfy9I2VkFu0XaoifR",
	"XN6b5b3xPejgYvDkhUHdA+s1OSzLBcpFZzeU1zGFSEkslRPM21/Zel0OVyE5FFBgUOhErCOoQbaRQAFL",
	"sr6FoQaPrtx+cTAMdWb6SGheE2nsuTwi3ztQd6AxQQ0mtFBD6Ay2BMsJLkNo/mB8n1IKaSK6YJ7jWy/n",
	"Z4/Y1gu1lDK4I+Yc7DT+LbFMJc/jwgq5snifaAUK3jWPPWt2DWsyxgKZMtuOAlPC7ZHUHp5NZOccejPx",
	"7gBghrR+FfKhIdbJRrHBg4LbteXKcoWVEEt1HclffLmqbiLpXDErXUbabZ8sgqFL8lWpTA0bSjzCnM7m",
	"s3kOIUTyGC0oOJ/NZ6dQQ0RZl8gbjaWcLZVPTgpzFFcGVN5coNwISs9QQyKOwe8KfTafj5l7IV/eYoyd",
	"1eV1841zBHuLFGRP1ytQd4c78+CjoT56sdhgWOYyPqX+4brnzOi3/4Z5i6+ou+5vURfnPhXNTa81MY+W",
	"XmHfyW/15xDv6OkJzv1BDdw7h2kLCi5JKo1S8V42gi2P80ig1KzJqm7uszGGQ9rLgv6w/YxlBkVM6Ego",
	"camnzfRZxbB32PjJKv3e20QGlKSe6icpvnTg8o2S/uVZ83rOHNPsW6D/a2XIOKT2mig/RzUzpc2+u33q",
	"QMFaJLJqilxmAaM9yf8iLfmZDq7ZnBW/PF49eHM5/AwAAP//A0Q9R74HAAA=",
}

// GetSwagger returns the Swagger specification corresponding to the generated code
// in this file.
func GetSwagger() (*openapi3.Swagger, error) {
	zipped, err := base64.StdEncoding.DecodeString(strings.Join(swaggerSpec, ""))
	if err != nil {
		return nil, fmt.Errorf("error base64 decoding spec: %s", err)
	}
	zr, err := gzip.NewReader(bytes.NewReader(zipped))
	if err != nil {
		return nil, fmt.Errorf("error decompressing spec: %s", err)
	}
	var buf bytes.Buffer
	_, err = buf.ReadFrom(zr)
	if err != nil {
		return nil, fmt.Errorf("error decompressing spec: %s", err)
	}

	swagger, err := openapi3.NewSwaggerLoader().LoadSwaggerFromData(buf.Bytes())
	if err != nil {
		return nil, fmt.Errorf("error loading Swagger: %s", err)
	}
	return swagger, nil
}
